[0.025s] Invoking command in '/home/prathmesh/amr_ws/build/amr_simulation': CMAKE_PREFIX_PATH=${CMAKE_PREFIX_PATH}:/opt/ros/lyrical /usr/bin/cmake /home/prathmesh/amr_ws/src/amr_simulation -DAMENT_CMAKE_SYMLINK_INSTALL=1 -DCMAKE_INSTALL_PREFIX=/home/prathmesh/amr_ws/install/amr_simulation
[0.058s] -- Found ament_cmake: 2.8.8 (/opt/ros/lyrical/share/ament_cmake/cmake)
[0.370s] -- Override CMake install command with custom implementation using symlinks instead of copying resources
[0.385s] -- Found rclcpp: 32.0.2 (/opt/ros/lyrical/share/rclcpp/cmake)
[0.421s] -- Found rosidl_generator_c: 5.2.1 (/opt/ros/lyrical/share/rosidl_generator_c/cmake)
[0.430s] -- Found rosidl_generator_cpp: 5.2.1 (/opt/ros/lyrical/share/rosidl_generator_cpp/cmake)
[0.445s] -- Using all available rosidl_typesupport_c: rosidl_typesupport_fastrtps_c;rosidl_typesupport_introspection_c
[0.461s] -- Using all available rosidl_typesupport_cpp: rosidl_typesupport_fastrtps_cpp;rosidl_typesupport_introspection_cpp
[0.549s] -- Found rmw_implementation_cmake: 7.10.1 (/opt/ros/lyrical/share/rmw_implementation_cmake/cmake)
[0.551s] -- Found rmw_fastrtps_cpp: 9.4.9 (/opt/ros/lyrical/share/rmw_fastrtps_cpp/cmake)
[0.592s] -- Using RMW implementation 'rmw_fastrtps_cpp' as default
[0.689s] -- Found rclpy: 10.0.10 (/opt/ros/lyrical/share/rclpy/cmake)
[0.689s] -- Found ament_lint_auto: 0.20.6 (/opt/ros/lyrical/share/ament_lint_auto/cmake)
[0.855s] -- Added test 'flake8' to check Python code syntax and style conventions
[0.855s] -- Configured 'flake8' exclude dirs and/or files: 
[0.855s] -- Added test 'lint_cmake' to check CMake code style
[0.856s] -- Added test 'pep257' to check Python code against some of the docstring style conventions in PEP 257
[0.859s] -- Added test 'xmllint' to check XML markup files
[0.862s] -- Configuring done (0.8s)
[0.873s] -- Generating done (0.0s)
[0.913s] -- Build files have been written to: /home/prathmesh/amr_ws/build/amr_simulation
[0.922s] Invoked command in '/home/prathmesh/amr_ws/build/amr_simulation' returned '0': CMAKE_PREFIX_PATH=${CMAKE_PREFIX_PATH}:/opt/ros/lyrical /usr/bin/cmake /home/prathmesh/amr_ws/src/amr_simulation -DAMENT_CMAKE_SYMLINK_INSTALL=1 -DCMAKE_INSTALL_PREFIX=/home/prathmesh/amr_ws/install/amr_simulation
[0.923s] Invoking command in '/home/prathmesh/amr_ws/build/amr_simulation': CMAKE_PREFIX_PATH=${CMAKE_PREFIX_PATH}:/opt/ros/lyrical /usr/bin/cmake --build /home/prathmesh/amr_ws/build/amr_simulation -- -j8 -l8
[0.976s] Invoked command in '/home/prathmesh/amr_ws/build/amr_simulation' returned '0': CMAKE_PREFIX_PATH=${CMAKE_PREFIX_PATH}:/opt/ros/lyrical /usr/bin/cmake --build /home/prathmesh/amr_ws/build/amr_simulation -- -j8 -l8
[0.989s] Invoking command in '/home/prathmesh/amr_ws/build/amr_simulation': CMAKE_PREFIX_PATH=${CMAKE_PREFIX_PATH}:/opt/ros/lyrical /usr/bin/cmake --install /home/prathmesh/amr_ws/build/amr_simulation
[1.000s] -- Install configuration: ""
[1.000s] -- Execute custom install script
[1.001s] -- Up-to-date symlink: /home/prathmesh/amr_ws/install/amr_simulation/share/amr_simulation/worlds/warehouse.sdf
[1.001s] -- Up-to-date symlink: /home/prathmesh/amr_ws/install/amr_simulation/share/amr_simulation/models/amr.xacro
[1.001s] -- Up-to-date symlink: /home/prathmesh/amr_ws/install/amr_simulation/share/amr_simulation/launch/multi_robot_warehouse.launch.py
[1.002s] -- Up-to-date symlink: /home/prathmesh/amr_ws/install/amr_simulation/share/amr_simulation/launch/nav2_bringup.launch.py
[1.003s] -- Up-to-date symlink: /home/prathmesh/amr_ws/install/amr_simulation/share/amr_simulation/launch/warehouse_world.launch.py
[1.003s] -- Up-to-date symlink: /home/prathmesh/amr_ws/install/amr_simulation/share/amr_simulation/config/nav2_params.yaml
[1.004s] -- Up-to-date symlink: /home/prathmesh/amr_ws/install/amr_simulation/share/amr_simulation/config/navigate_to_pose.xml
[1.004s] -- Up-to-date symlink: /home/prathmesh/amr_ws/install/amr_simulation/share/amr_simulation/maps/warehouse_map.pgm
[1.004s] -- Up-to-date symlink: /home/prathmesh/amr_ws/install/amr_simulation/share/amr_simulation/maps/warehouse_map.yaml
[1.004s] -- Up-to-date symlink: /home/prathmesh/amr_ws/install/amr_simulation/lib/amr_simulation/generate_map.py
[1.004s] -- Up-to-date symlink: /home/prathmesh/amr_ws/install/amr_simulation/lib/amr_simulation/navigate_choke_point.py
[1.005s] -- Up-to-date symlink: /home/prathmesh/amr_ws/install/amr_simulation/share/ament_index/resource_index/package_run_dependencies/amr_simulation
[1.005s] -- Up-to-date symlink: /home/prathmesh/amr_ws/install/amr_simulation/share/ament_index/resource_index/parent_prefix_path/amr_simulation
[1.005s] -- Up-to-date symlink: /home/prathmesh/amr_ws/install/amr_simulation/share/amr_simulation/environment/ament_prefix_path.sh
[1.005s] -- Up-to-date symlink: /home/prathmesh/amr_ws/install/amr_simulation/share/amr_simulation/environment/ament_prefix_path.dsv
[1.005s] -- Up-to-date symlink: /home/prathmesh/amr_ws/install/amr_simulation/share/amr_simulation/environment/path.sh
[1.005s] -- Up-to-date symlink: /home/prathmesh/amr_ws/install/amr_simulation/share/amr_simulation/environment/path.dsv
[1.005s] -- Up-to-date symlink: /home/prathmesh/amr_ws/install/amr_simulation/share/amr_simulation/local_setup.bash
[1.006s] -- Up-to-date symlink: /home/prathmesh/amr_ws/install/amr_simulation/share/amr_simulation/local_setup.fish
[1.006s] -- Up-to-date symlink: /home/prathmesh/amr_ws/install/amr_simulation/share/amr_simulation/local_setup.sh
[1.006s] -- Up-to-date symlink: /home/prathmesh/amr_ws/install/amr_simulation/share/amr_simulation/local_setup.zsh
[1.006s] -- Up-to-date symlink: /home/prathmesh/amr_ws/install/amr_simulation/share/amr_simulation/local_setup.dsv
[1.006s] -- Symlinking: /home/prathmesh/amr_ws/install/amr_simulation/share/amr_simulation/package.dsv
[1.020s] -- Up-to-date symlink: /home/prathmesh/amr_ws/install/amr_simulation/share/ament_index/resource_index/packages/amr_simulation
[1.020s] -- Up-to-date symlink: /home/prathmesh/amr_ws/install/amr_simulation/share/amr_simulation/cmake/amr_simulationConfig.cmake
[1.020s] -- Up-to-date symlink: /home/prathmesh/amr_ws/install/amr_simulation/share/amr_simulation/cmake/amr_simulationConfig-version.cmake
[1.021s] -- Up-to-date symlink: /home/prathmesh/amr_ws/install/amr_simulation/share/amr_simulation/package.xml
[1.024s] Invoked command in '/home/prathmesh/amr_ws/build/amr_simulation' returned '0': CMAKE_PREFIX_PATH=${CMAKE_PREFIX_PATH}:/opt/ros/lyrical /usr/bin/cmake --install /home/prathmesh/amr_ws/build/amr_simulation
