[0.028s] Invoking command in '/home/prathmesh/amr_ws/build/amr_simulation': CMAKE_PREFIX_PATH=${CMAKE_PREFIX_PATH}:/opt/ros/lyrical /usr/bin/cmake --build /home/prathmesh/amr_ws/build/amr_simulation -- -j8 -l8
[0.097s] -- Found ament_cmake: 2.8.8 (/opt/ros/lyrical/share/ament_cmake/cmake)
[0.434s] -- Override CMake install command with custom implementation using symlinks instead of copying resources
[0.453s] -- Found rclcpp: 32.0.2 (/opt/ros/lyrical/share/rclcpp/cmake)
[0.488s] -- Found rosidl_generator_c: 5.2.1 (/opt/ros/lyrical/share/rosidl_generator_c/cmake)
[0.499s] -- Found rosidl_generator_cpp: 5.2.1 (/opt/ros/lyrical/share/rosidl_generator_cpp/cmake)
[0.520s] -- Using all available rosidl_typesupport_c: rosidl_typesupport_fastrtps_c;rosidl_typesupport_introspection_c
[0.536s] -- Using all available rosidl_typesupport_cpp: rosidl_typesupport_fastrtps_cpp;rosidl_typesupport_introspection_cpp
[0.643s] -- Found rmw_implementation_cmake: 7.10.1 (/opt/ros/lyrical/share/rmw_implementation_cmake/cmake)
[0.647s] -- Found rmw_fastrtps_cpp: 9.4.9 (/opt/ros/lyrical/share/rmw_fastrtps_cpp/cmake)
[0.688s] -- Using RMW implementation 'rmw_fastrtps_cpp' as default
[0.788s] -- Found rclpy: 10.0.10 (/opt/ros/lyrical/share/rclpy/cmake)
[0.788s] -- Found ament_lint_auto: 0.20.6 (/opt/ros/lyrical/share/ament_lint_auto/cmake)
[0.965s] -- Added test 'flake8' to check Python code syntax and style conventions
[0.965s] -- Configured 'flake8' exclude dirs and/or files: 
[0.966s] -- Added test 'lint_cmake' to check CMake code style
[0.967s] -- Added test 'pep257' to check Python code against some of the docstring style conventions in PEP 257
[0.969s] -- Added test 'xmllint' to check XML markup files
[0.972s] -- Configuring done (0.9s)
[0.985s] -- Generating done (0.0s)
[1.022s] -- Build files have been written to: /home/prathmesh/amr_ws/build/amr_simulation
[1.055s] Invoked command in '/home/prathmesh/amr_ws/build/amr_simulation' returned '0': CMAKE_PREFIX_PATH=${CMAKE_PREFIX_PATH}:/opt/ros/lyrical /usr/bin/cmake --build /home/prathmesh/amr_ws/build/amr_simulation -- -j8 -l8
[1.069s] Invoking command in '/home/prathmesh/amr_ws/build/amr_simulation': CMAKE_PREFIX_PATH=${CMAKE_PREFIX_PATH}:/opt/ros/lyrical /usr/bin/cmake --install /home/prathmesh/amr_ws/build/amr_simulation
[1.083s] -- Install configuration: ""
[1.083s] -- Execute custom install script
[1.084s] -- Up-to-date symlink: /home/prathmesh/amr_ws/install/amr_simulation/share/amr_simulation/worlds/warehouse.sdf
[1.084s] -- Up-to-date symlink: /home/prathmesh/amr_ws/install/amr_simulation/share/amr_simulation/models/amr.xacro
[1.084s] -- Symlinking: /home/prathmesh/amr_ws/install/amr_simulation/share/amr_simulation/launch/nav2_bringup.launch.py
[1.101s] -- Up-to-date symlink: /home/prathmesh/amr_ws/install/amr_simulation/share/amr_simulation/launch/warehouse_world.launch.py
[1.101s] -- Symlinking: /home/prathmesh/amr_ws/install/amr_simulation/share/amr_simulation/config/nav2_params.yaml
[1.116s] [31mCMake Error at ament_cmake_symlink_install/ament_cmake_symlink_install.cmake:105 (message):
[1.116s]   ament_cmake_symlink_install_directory() can't find
[1.116s]   '/home/prathmesh/amr_ws/src/amr_simulation/maps'
[1.116s] Call Stack (most recent call first):
[1.117s]   ament_cmake_symlink_install/ament_cmake_symlink_install.cmake:323 (ament_cmake_symlink_install_directory)
[1.117s]   cmake_install.cmake:46 (include)
[1.117s] 
[1.117s] [0m
[1.118s] Invoked command in '/home/prathmesh/amr_ws/build/amr_simulation' returned '1': CMAKE_PREFIX_PATH=${CMAKE_PREFIX_PATH}:/opt/ros/lyrical /usr/bin/cmake --install /home/prathmesh/amr_ws/build/amr_simulation
