[0.045s] Invoking command in '/home/prathmesh/amr_ws/build/amr_simulation': CMAKE_PREFIX_PATH=${CMAKE_PREFIX_PATH}:/opt/ros/lyrical /usr/bin/cmake --build /home/prathmesh/amr_ws/build/amr_simulation -- -j8 -l8
[0.127s] Invoked command in '/home/prathmesh/amr_ws/build/amr_simulation' returned '0': CMAKE_PREFIX_PATH=${CMAKE_PREFIX_PATH}:/opt/ros/lyrical /usr/bin/cmake --build /home/prathmesh/amr_ws/build/amr_simulation -- -j8 -l8
[0.147s] Invoking command in '/home/prathmesh/amr_ws/build/amr_simulation': CMAKE_PREFIX_PATH=${CMAKE_PREFIX_PATH}:/opt/ros/lyrical /usr/bin/cmake --install /home/prathmesh/amr_ws/build/amr_simulation
[0.162s] -- Install configuration: ""
[0.163s] -- Execute custom install script
[0.166s] -- Up-to-date symlink: /home/prathmesh/amr_ws/install/amr_simulation/share/amr_simulation/worlds/warehouse.sdf
[0.166s] -- Up-to-date symlink: /home/prathmesh/amr_ws/install/amr_simulation/share/amr_simulation/launch/warehouse_world.launch.py
[0.167s] -- Up-to-date symlink: /home/prathmesh/amr_ws/install/amr_simulation/share/ament_index/resource_index/package_run_dependencies/amr_simulation
[0.167s] -- Up-to-date symlink: /home/prathmesh/amr_ws/install/amr_simulation/share/ament_index/resource_index/parent_prefix_path/amr_simulation
[0.167s] -- Up-to-date symlink: /home/prathmesh/amr_ws/install/amr_simulation/share/amr_simulation/environment/ament_prefix_path.sh
[0.167s] -- Up-to-date symlink: /home/prathmesh/amr_ws/install/amr_simulation/share/amr_simulation/environment/ament_prefix_path.dsv
[0.168s] -- Up-to-date symlink: /home/prathmesh/amr_ws/install/amr_simulation/share/amr_simulation/environment/path.sh
[0.168s] -- Up-to-date symlink: /home/prathmesh/amr_ws/install/amr_simulation/share/amr_simulation/environment/path.dsv
[0.169s] -- Up-to-date symlink: /home/prathmesh/amr_ws/install/amr_simulation/share/amr_simulation/local_setup.bash
[0.169s] -- Up-to-date symlink: /home/prathmesh/amr_ws/install/amr_simulation/share/amr_simulation/local_setup.fish
[0.170s] -- Up-to-date symlink: /home/prathmesh/amr_ws/install/amr_simulation/share/amr_simulation/local_setup.sh
[0.170s] -- Up-to-date symlink: /home/prathmesh/amr_ws/install/amr_simulation/share/amr_simulation/local_setup.zsh
[0.170s] -- Up-to-date symlink: /home/prathmesh/amr_ws/install/amr_simulation/share/amr_simulation/local_setup.dsv
[0.171s] -- Symlinking: /home/prathmesh/amr_ws/install/amr_simulation/share/amr_simulation/package.dsv
[0.190s] -- Up-to-date symlink: /home/prathmesh/amr_ws/install/amr_simulation/share/ament_index/resource_index/packages/amr_simulation
[0.190s] -- Up-to-date symlink: /home/prathmesh/amr_ws/install/amr_simulation/share/amr_simulation/cmake/amr_simulationConfig.cmake
[0.190s] -- Up-to-date symlink: /home/prathmesh/amr_ws/install/amr_simulation/share/amr_simulation/cmake/amr_simulationConfig-version.cmake
[0.190s] -- Up-to-date symlink: /home/prathmesh/amr_ws/install/amr_simulation/share/amr_simulation/package.xml
[0.194s] Invoked command in '/home/prathmesh/amr_ws/build/amr_simulation' returned '0': CMAKE_PREFIX_PATH=${CMAKE_PREFIX_PATH}:/opt/ros/lyrical /usr/bin/cmake --install /home/prathmesh/amr_ws/build/amr_simulation
