[-1788526605282378496.000s] DEBUG:colcon:Command line arguments: ['/usr/bin/colcon', 'build', '--symlink-install']
[-1788526605282378496.000s] DEBUG:colcon:Parsed command line arguments: Namespace(log_base=None, log_level=None, verb_name='build', build_base='build', install_base='install', merge_install=False, symlink_install=True, test_result_base=None, continue_on_error=False, executor='parallel', parallel_workers=8, event_handlers=None, ignore_user_meta=False, metas=['./colcon.meta'], base_paths=['.'], packages_ignore=None, packages_ignore_regex=None, paths=None, packages_up_to=None, packages_up_to_regex=None, packages_above=None, packages_above_and_dependencies=None, packages_above_depth=None, packages_select_by_dep=None, packages_skip_by_dep=None, packages_skip_up_to=None, packages_select_build_failed=False, packages_skip_build_finished=False, packages_select_test_failures=False, packages_skip_test_passed=False, packages_select=None, packages_skip=None, packages_select_regex=None, packages_skip_regex=None, packages_start=None, packages_end=None, allow_overriding=[], cmake_args=None, cmake_target=None, cmake_target_skip_unavailable=False, cmake_clean_cache=False, cmake_clean_first=False, cmake_force_configure=False, ament_cmake_args=None, catkin_cmake_args=None, catkin_skip_building_tests=False, mixin_files=None, mixin=None, verb_parser=<colcon_mixin.mixin.mixin_argument.MixinArgumentDecorator object at 0x72b1e858c050>, verb_extension=<colcon_core.verb.build.BuildVerb object at 0x72b1e8a9eba0>, main=<bound method BuildVerb.main of <colcon_core.verb.build.BuildVerb object at 0x72b1e8a9eba0>>, mixin_verb=('build',))
[-1788526605282378496.000s] Level 1:colcon.colcon_core.package_discovery:discover_packages(colcon_meta) check parameters
[-1788526605282378496.000s] Level 1:colcon.colcon_core.package_discovery:discover_packages(recursive) check parameters
[-1788526605282378496.000s] Level 1:colcon.colcon_core.package_discovery:discover_packages(ignore) check parameters
[-1788526605282378496.000s] Level 1:colcon.colcon_core.package_discovery:discover_packages(path) check parameters
[-1788526605282378496.000s] Level 1:colcon.colcon_core.package_discovery:discover_packages(colcon_meta) discover
[-1788526605282378496.000s] Level 1:colcon.colcon_core.package_discovery:discover_packages(recursive) discover
[-1788526605282378496.000s] INFO:colcon.colcon_core.package_discovery:Crawling recursively for packages in '/home/prathmesh/amr_ws'
[-1788526605282378496.000s] Level 1:colcon.colcon_core.package_identification:_identify(.) by extensions ['ignore', 'ignore_ament_install']
[-1788526605282378496.000s] Level 1:colcon.colcon_core.package_identification:_identify(.) by extension 'ignore'
[-1788526605282378496.000s] Level 1:colcon.colcon_core.package_identification:_identify(.) by extension 'ignore_ament_install'
[-1788526605282378496.000s] Level 1:colcon.colcon_core.package_identification:_identify(.) by extensions ['colcon_pkg']
[-1788526605282378496.000s] Level 1:colcon.colcon_core.package_identification:_identify(.) by extension 'colcon_pkg'
[-1788526605282378496.000s] Level 1:colcon.colcon_core.package_identification:_identify(.) by extensions ['colcon_meta']
[-1788526605282378496.000s] Level 1:colcon.colcon_core.package_identification:_identify(.) by extension 'colcon_meta'
[-1788526605282378496.000s] Level 1:colcon.colcon_core.package_identification:_identify(.) by extensions ['ros']
[-1788526605282378496.000s] Level 1:colcon.colcon_core.package_identification:_identify(.) by extension 'ros'
[-1788526605282378496.000s] Level 1:colcon.colcon_core.package_identification:_identify(.) by extensions ['cmake', 'python']
[-1788526605282378496.000s] Level 1:colcon.colcon_core.package_identification:_identify(.) by extension 'cmake'
[-1788526605282378496.000s] Level 1:colcon.colcon_core.package_identification:_identify(.) by extension 'python'
[-1788526605282378496.000s] Level 1:colcon.colcon_core.package_identification:_identify(.) by extensions ['python_setup_py']
[-1788526605282378496.000s] Level 1:colcon.colcon_core.package_identification:_identify(.) by extension 'python_setup_py'
[-1788526605282378496.000s] Level 1:colcon.colcon_core.package_identification:_identify(build) by extensions ['ignore', 'ignore_ament_install']
[-1788526605282378496.000s] Level 1:colcon.colcon_core.package_identification:_identify(build) by extension 'ignore'
[-1788526605282378496.000s] Level 1:colcon.colcon_core.package_identification:_identify(build) ignored
[-1788526605282378496.000s] Level 1:colcon.colcon_core.package_identification:_identify(install) by extensions ['ignore', 'ignore_ament_install']
[-1788526605282378496.000s] Level 1:colcon.colcon_core.package_identification:_identify(install) by extension 'ignore'
[-1788526605282378496.000s] Level 1:colcon.colcon_core.package_identification:_identify(install) ignored
[-1788526605282378496.000s] Level 1:colcon.colcon_core.package_identification:_identify(log) by extensions ['ignore', 'ignore_ament_install']
[-1788526605282378496.000s] Level 1:colcon.colcon_core.package_identification:_identify(log) by extension 'ignore'
[-1788526605282378496.000s] Level 1:colcon.colcon_core.package_identification:_identify(log) ignored
[-1788526605282378496.000s] Level 1:colcon.colcon_core.package_identification:_identify(src) by extensions ['ignore', 'ignore_ament_install']
[-1788526605282378496.000s] Level 1:colcon.colcon_core.package_identification:_identify(src) by extension 'ignore'
[-1788526605282378496.000s] Level 1:colcon.colcon_core.package_identification:_identify(src) by extension 'ignore_ament_install'
[-1788526605282378496.000s] Level 1:colcon.colcon_core.package_identification:_identify(src) by extensions ['colcon_pkg']
[-1788526605282378496.000s] Level 1:colcon.colcon_core.package_identification:_identify(src) by extension 'colcon_pkg'
[-1788526605282378496.000s] Level 1:colcon.colcon_core.package_identification:_identify(src) by extensions ['colcon_meta']
[-1788526605282378496.000s] Level 1:colcon.colcon_core.package_identification:_identify(src) by extension 'colcon_meta'
[-1788526605282378496.000s] Level 1:colcon.colcon_core.package_identification:_identify(src) by extensions ['ros']
[-1788526605282378496.000s] Level 1:colcon.colcon_core.package_identification:_identify(src) by extension 'ros'
[-1788526605282378496.000s] Level 1:colcon.colcon_core.package_identification:_identify(src) by extensions ['cmake', 'python']
[-1788526605282378496.000s] Level 1:colcon.colcon_core.package_identification:_identify(src) by extension 'cmake'
[-1788526605282378496.000s] Level 1:colcon.colcon_core.package_identification:_identify(src) by extension 'python'
[-1788526605282378496.000s] Level 1:colcon.colcon_core.package_identification:_identify(src) by extensions ['python_setup_py']
[-1788526605282378496.000s] Level 1:colcon.colcon_core.package_identification:_identify(src) by extension 'python_setup_py'
[-1788526605282378496.000s] Level 1:colcon.colcon_core.package_identification:_identify(src/amr_simulation) by extensions ['ignore', 'ignore_ament_install']
[-1788526605282378496.000s] Level 1:colcon.colcon_core.package_identification:_identify(src/amr_simulation) by extension 'ignore'
[-1788526605282378496.000s] Level 1:colcon.colcon_core.package_identification:_identify(src/amr_simulation) by extension 'ignore_ament_install'
[-1788526605282378496.000s] Level 1:colcon.colcon_core.package_identification:_identify(src/amr_simulation) by extensions ['colcon_pkg']
[-1788526605282378496.000s] Level 1:colcon.colcon_core.package_identification:_identify(src/amr_simulation) by extension 'colcon_pkg'
[-1788526605282378496.000s] Level 1:colcon.colcon_core.package_identification:_identify(src/amr_simulation) by extensions ['colcon_meta']
[-1788526605282378496.000s] Level 1:colcon.colcon_core.package_identification:_identify(src/amr_simulation) by extension 'colcon_meta'
[-1788526605282378496.000s] Level 1:colcon.colcon_core.package_identification:_identify(src/amr_simulation) by extensions ['ros']
[-1788526605282378496.000s] Level 1:colcon.colcon_core.package_identification:_identify(src/amr_simulation) by extension 'ros'
[-1788526605282378496.000s] DEBUG:colcon.colcon_core.package_identification:Package 'src/amr_simulation' with type 'ros.ament_cmake' and name 'amr_simulation'
[-1788526605282378496.000s] Level 1:colcon.colcon_core.package_discovery:discover_packages(recursive) using defaults
[-1788526605282378496.000s] Level 1:colcon.colcon_core.package_discovery:discover_packages(ignore) discover
[-1788526605282378496.000s] Level 1:colcon.colcon_core.package_discovery:discover_packages(ignore) using defaults
[-1788526605282378496.000s] Level 1:colcon.colcon_core.package_discovery:discover_packages(path) discover
[-1788526605282378496.000s] Level 1:colcon.colcon_core.package_discovery:discover_packages(path) using defaults
[-1788526605282378496.000s] Level 1:colcon.colcon_core.package_discovery:discover_packages(prefix_path) check parameters
[-1788526605282378496.000s] Level 1:colcon.colcon_core.package_discovery:discover_packages(prefix_path) discover
[-1788526605282378496.000s] DEBUG:colcon.colcon_installed_package_information.package_discovery:Found 1 installed packages in /home/prathmesh/amr_ws/install
[-1788526605282378496.000s] DEBUG:colcon.colcon_installed_package_information.package_discovery:Found 356 installed packages in /opt/ros/lyrical
[-1788526605282378496.000s] Level 1:colcon.colcon_core.package_discovery:discover_packages(prefix_path) using defaults
[-1788526605282378496.000s] Level 5:colcon.colcon_core.verb:set package 'amr_simulation' build argument 'cmake_args' from command line to 'None'
[-1788526605282378496.000s] Level 5:colcon.colcon_core.verb:set package 'amr_simulation' build argument 'cmake_target' from command line to 'None'
[-1788526605282378496.000s] Level 5:colcon.colcon_core.verb:set package 'amr_simulation' build argument 'cmake_target_skip_unavailable' from command line to 'False'
[-1788526605282378496.000s] Level 5:colcon.colcon_core.verb:set package 'amr_simulation' build argument 'cmake_clean_cache' from command line to 'False'
[-1788526605282378496.000s] Level 5:colcon.colcon_core.verb:set package 'amr_simulation' build argument 'cmake_clean_first' from command line to 'False'
[-1788526605282378496.000s] Level 5:colcon.colcon_core.verb:set package 'amr_simulation' build argument 'cmake_force_configure' from command line to 'False'
[-1788526605282378496.000s] Level 5:colcon.colcon_core.verb:set package 'amr_simulation' build argument 'ament_cmake_args' from command line to 'None'
[-1788526605282378496.000s] Level 5:colcon.colcon_core.verb:set package 'amr_simulation' build argument 'catkin_cmake_args' from command line to 'None'
[-1788526605282378496.000s] Level 5:colcon.colcon_core.verb:set package 'amr_simulation' build argument 'catkin_skip_building_tests' from command line to 'False'
[-1788526605282378496.000s] DEBUG:colcon.colcon_core.verb:Building package 'amr_simulation' with the following arguments: {'ament_cmake_args': None, 'build_base': '/home/prathmesh/amr_ws/build/amr_simulation', 'catkin_cmake_args': None, 'catkin_skip_building_tests': False, 'cmake_args': None, 'cmake_clean_cache': False, 'cmake_clean_first': False, 'cmake_force_configure': False, 'cmake_target': None, 'cmake_target_skip_unavailable': False, 'install_base': '/home/prathmesh/amr_ws/install/amr_simulation', 'merge_install': False, 'path': '/home/prathmesh/amr_ws/src/amr_simulation', 'symlink_install': True, 'test_result_base': None}
[-1788526605282378496.000s] INFO:colcon.colcon_core.executor:Executing jobs using 'parallel' executor
[-1788526605282378496.000s] DEBUG:colcon.colcon_parallel_executor.executor.parallel:run_until_complete
[-1788526605282378496.000s] INFO:colcon.colcon_ros.task.ament_cmake.build:Building ROS package in '/home/prathmesh/amr_ws/src/amr_simulation' with build type 'ament_cmake'
[-1788526605282378496.000s] INFO:colcon.colcon_cmake.task.cmake.build:Building CMake package in '/home/prathmesh/amr_ws/src/amr_simulation'
[-1788526605282378496.000s] INFO:colcon.colcon_core.plugin_system:Skipping extension 'colcon_core.shell.bat': Not used on non-Windows systems
[-1788526605282378496.000s] INFO:colcon.colcon_core.shell:Skip shell extension 'powershell' for command environment: Not usable outside of PowerShell
[-1788526605282378496.000s] DEBUG:colcon.colcon_core.shell:Skip shell extension 'dsv' for command environment
[-1788526605282378496.000s] DEBUG:colcon.colcon_core.event_handler.log_command:Invoking command in '/home/prathmesh/amr_ws/build/amr_simulation': CMAKE_PREFIX_PATH=${CMAKE_PREFIX_PATH}:/opt/ros/lyrical /usr/bin/cmake /home/prathmesh/amr_ws/src/amr_simulation -DAMENT_CMAKE_SYMLINK_INSTALL=1 -DCMAKE_INSTALL_PREFIX=/home/prathmesh/amr_ws/install/amr_simulation
[-1788526605282378496.000s] DEBUG:colcon.colcon_core.event_handler.log_command:Invoked command in '/home/prathmesh/amr_ws/build/amr_simulation' returned '0': CMAKE_PREFIX_PATH=${CMAKE_PREFIX_PATH}:/opt/ros/lyrical /usr/bin/cmake /home/prathmesh/amr_ws/src/amr_simulation -DAMENT_CMAKE_SYMLINK_INSTALL=1 -DCMAKE_INSTALL_PREFIX=/home/prathmesh/amr_ws/install/amr_simulation
[-1788526605282378496.000s] DEBUG:colcon.colcon_core.event_handler.log_command:Invoking command in '/home/prathmesh/amr_ws/build/amr_simulation': CMAKE_PREFIX_PATH=${CMAKE_PREFIX_PATH}:/opt/ros/lyrical /usr/bin/cmake --build /home/prathmesh/amr_ws/build/amr_simulation -- -j8 -l8
[-1788526605282378496.000s] DEBUG:colcon.colcon_core.event_handler.log_command:Invoked command in '/home/prathmesh/amr_ws/build/amr_simulation' returned '0': CMAKE_PREFIX_PATH=${CMAKE_PREFIX_PATH}:/opt/ros/lyrical /usr/bin/cmake --build /home/prathmesh/amr_ws/build/amr_simulation -- -j8 -l8
[-1788526605282378496.000s] DEBUG:colcon.colcon_core.event_handler.log_command:Invoking command in '/home/prathmesh/amr_ws/build/amr_simulation': CMAKE_PREFIX_PATH=${CMAKE_PREFIX_PATH}:/opt/ros/lyrical /usr/bin/cmake --install /home/prathmesh/amr_ws/build/amr_simulation
[-1788526605282378496.000s] Level 1:colcon.colcon_core.environment:create_environment_scripts_only(amr_simulation)
[-1788526605282378496.000s] DEBUG:colcon.colcon_core.event_handler.log_command:Invoked command in '/home/prathmesh/amr_ws/build/amr_simulation' returned '0': CMAKE_PREFIX_PATH=${CMAKE_PREFIX_PATH}:/opt/ros/lyrical /usr/bin/cmake --install /home/prathmesh/amr_ws/build/amr_simulation
[-1788526605282378496.000s] Level 1:colcon.colcon_core.environment:checking '/home/prathmesh/amr_ws/install/amr_simulation' for CMake module files
[-1788526605282378496.000s] Level 1:colcon.colcon_core.environment:checking '/home/prathmesh/amr_ws/install/amr_simulation' for CMake config files
[-1788526605282378496.000s] Level 1:colcon.colcon_core.shell:create_environment_hook('amr_simulation', 'cmake_prefix_path')
[-1788526605282378496.000s] INFO:colcon.colcon_core.shell:Creating environment hook '/home/prathmesh/amr_ws/install/amr_simulation/share/amr_simulation/hook/cmake_prefix_path.ps1'
[-1788526605282378496.000s] INFO:colcon.colcon_core.shell:Creating environment descriptor '/home/prathmesh/amr_ws/install/amr_simulation/share/amr_simulation/hook/cmake_prefix_path.dsv'
[-1788526605282378496.000s] INFO:colcon.colcon_core.shell:Creating environment hook '/home/prathmesh/amr_ws/install/amr_simulation/share/amr_simulation/hook/cmake_prefix_path.sh'
[-1788526605282378496.000s] Level 1:colcon.colcon_core.environment:checking '/home/prathmesh/amr_ws/install/amr_simulation/lib'
[-1788526605282378496.000s] Level 1:colcon.colcon_core.environment:checking '/home/prathmesh/amr_ws/install/amr_simulation/bin'
[-1788526605282378496.000s] Level 1:colcon.colcon_core.environment:checking '/home/prathmesh/amr_ws/install/amr_simulation/lib/pkgconfig/amr_simulation.pc'
[-1788526605282378496.000s] Level 1:colcon.colcon_core.environment:checking '/home/prathmesh/amr_ws/install/amr_simulation/lib/python3.14/site-packages'
[-1788526605282378496.000s] Level 1:colcon.colcon_core.environment:checking '/home/prathmesh/amr_ws/install/amr_simulation/bin'
[-1788526605282378496.000s] INFO:colcon.colcon_core.shell:Creating package script '/home/prathmesh/amr_ws/install/amr_simulation/share/amr_simulation/package.ps1'
[-1788526605282378496.000s] INFO:colcon.colcon_core.shell:Creating package descriptor '/home/prathmesh/amr_ws/install/amr_simulation/share/amr_simulation/package.dsv'
[-1788526605282378496.000s] INFO:colcon.colcon_core.shell:Creating package script '/home/prathmesh/amr_ws/install/amr_simulation/share/amr_simulation/package.sh'
[-1788526605282378496.000s] INFO:colcon.colcon_core.shell:Creating package script '/home/prathmesh/amr_ws/install/amr_simulation/share/amr_simulation/package.bash'
[-1788526605282378496.000s] INFO:colcon.colcon_core.shell:Creating package script '/home/prathmesh/amr_ws/install/amr_simulation/share/amr_simulation/package.zsh'
[-1788526605282378496.000s] Level 1:colcon.colcon_core.environment:create_file_with_runtime_dependencies(/home/prathmesh/amr_ws/install/amr_simulation/share/colcon-core/packages/amr_simulation)
[-1788526605282378496.000s] Level 1:colcon.colcon_core.environment:create_environment_scripts_only(amr_simulation)
[-1788526605282378496.000s] Level 1:colcon.colcon_core.environment:checking '/home/prathmesh/amr_ws/install/amr_simulation' for CMake module files
[-1788526605282378496.000s] Level 1:colcon.colcon_core.environment:checking '/home/prathmesh/amr_ws/install/amr_simulation' for CMake config files
[-1788526605282378496.000s] Level 1:colcon.colcon_core.shell:create_environment_hook('amr_simulation', 'cmake_prefix_path')
[-1788526605282378496.000s] INFO:colcon.colcon_core.shell:Creating environment hook '/home/prathmesh/amr_ws/install/amr_simulation/share/amr_simulation/hook/cmake_prefix_path.ps1'
[-1788526605282378496.000s] INFO:colcon.colcon_core.shell:Creating environment descriptor '/home/prathmesh/amr_ws/install/amr_simulation/share/amr_simulation/hook/cmake_prefix_path.dsv'
[-1788526605282378496.000s] INFO:colcon.colcon_core.shell:Creating environment hook '/home/prathmesh/amr_ws/install/amr_simulation/share/amr_simulation/hook/cmake_prefix_path.sh'
[-1788526605282378496.000s] Level 1:colcon.colcon_core.environment:checking '/home/prathmesh/amr_ws/install/amr_simulation/lib'
[-1788526605282378496.000s] Level 1:colcon.colcon_core.environment:checking '/home/prathmesh/amr_ws/install/amr_simulation/bin'
[-1788526605282378496.000s] Level 1:colcon.colcon_core.environment:checking '/home/prathmesh/amr_ws/install/amr_simulation/lib/pkgconfig/amr_simulation.pc'
[-1788526605282378496.000s] Level 1:colcon.colcon_core.environment:checking '/home/prathmesh/amr_ws/install/amr_simulation/lib/python3.14/site-packages'
[-1788526605282378496.000s] Level 1:colcon.colcon_core.environment:checking '/home/prathmesh/amr_ws/install/amr_simulation/bin'
[-1788526605282378496.000s] INFO:colcon.colcon_core.shell:Creating package script '/home/prathmesh/amr_ws/install/amr_simulation/share/amr_simulation/package.ps1'
[-1788526605282378496.000s] INFO:colcon.colcon_core.shell:Creating package descriptor '/home/prathmesh/amr_ws/install/amr_simulation/share/amr_simulation/package.dsv'
[-1788526605282378496.000s] INFO:colcon.colcon_core.shell:Creating package script '/home/prathmesh/amr_ws/install/amr_simulation/share/amr_simulation/package.sh'
[-1788526605282378496.000s] INFO:colcon.colcon_core.shell:Creating package script '/home/prathmesh/amr_ws/install/amr_simulation/share/amr_simulation/package.bash'
[-1788526605282378496.000s] INFO:colcon.colcon_core.shell:Creating package script '/home/prathmesh/amr_ws/install/amr_simulation/share/amr_simulation/package.zsh'
[-1788526605282378496.000s] Level 1:colcon.colcon_core.environment:create_file_with_runtime_dependencies(/home/prathmesh/amr_ws/install/amr_simulation/share/colcon-core/packages/amr_simulation)
[-1788526605282378496.000s] DEBUG:colcon.colcon_parallel_executor.executor.parallel:closing loop
[-1788526605282378496.000s] DEBUG:colcon.colcon_parallel_executor.executor.parallel:loop closed
[-1788526605282378496.000s] DEBUG:colcon.colcon_parallel_executor.executor.parallel:run_until_complete finished with '0'
[-1788526605282378496.000s] DEBUG:colcon.colcon_core.event_reactor:joining thread
[-1788526605282378496.000s] INFO:colcon.colcon_core.plugin_system:Skipping extension 'colcon_notification.desktop_notification.terminal_notifier': Not used on non-Darwin systems
[-1788526605282378496.000s] INFO:colcon.colcon_core.plugin_system:Skipping extension 'colcon_notification.desktop_notification.win32': Not used on non-Windows systems
[-1788526605282378496.000s] INFO:colcon.colcon_notification.desktop_notification:Sending desktop notification using 'notify2'
[-1788526605282378496.000s] DEBUG:colcon.colcon_core.event_reactor:joined thread
[-1788526605282378496.000s] INFO:colcon.colcon_core.shell:Creating prefix script '/home/prathmesh/amr_ws/install/local_setup.ps1'
[-1788526605282378496.000s] INFO:colcon.colcon_core.shell:Creating prefix util module '/home/prathmesh/amr_ws/install/_local_setup_util_ps1.py'
[-1788526605282378496.000s] INFO:colcon.colcon_core.shell:Creating prefix chain script '/home/prathmesh/amr_ws/install/setup.ps1'
[-1788526605282378496.000s] INFO:colcon.colcon_core.shell:Creating prefix script '/home/prathmesh/amr_ws/install/local_setup.sh'
[-1788526605282378496.000s] INFO:colcon.colcon_core.shell:Creating prefix util module '/home/prathmesh/amr_ws/install/_local_setup_util_sh.py'
[-1788526605282378496.000s] INFO:colcon.colcon_core.shell:Creating prefix chain script '/home/prathmesh/amr_ws/install/setup.sh'
[-1788526605282378496.000s] INFO:colcon.colcon_core.shell:Creating prefix script '/home/prathmesh/amr_ws/install/local_setup.bash'
[-1788526605282378496.000s] INFO:colcon.colcon_core.shell:Creating prefix chain script '/home/prathmesh/amr_ws/install/setup.bash'
[-1788526605282378496.000s] INFO:colcon.colcon_core.shell:Creating prefix script '/home/prathmesh/amr_ws/install/local_setup.zsh'
[-1788526605282378496.000s] INFO:colcon.colcon_core.shell:Creating prefix chain script '/home/prathmesh/amr_ws/install/setup.zsh'
