[0.020s] Invoking command in '/home/prathmesh/amr_ws/build/amr_simulation': CMAKE_PREFIX_PATH=${CMAKE_PREFIX_PATH}:/opt/ros/lyrical /usr/bin/cmake --build /home/prathmesh/amr_ws/build/amr_simulation -- -j8 -l8
[0.099s] Invoked command in '/home/prathmesh/amr_ws/build/amr_simulation' returned '0': CMAKE_PREFIX_PATH=${CMAKE_PREFIX_PATH}:/opt/ros/lyrical /usr/bin/cmake --build /home/prathmesh/amr_ws/build/amr_simulation -- -j8 -l8
[0.110s] Invoking command in '/home/prathmesh/amr_ws/build/amr_simulation': CMAKE_PREFIX_PATH=${CMAKE_PREFIX_PATH}:/opt/ros/lyrical /usr/bin/cmake --install /home/prathmesh/amr_ws/build/amr_simulation
[0.120s] -- Install configuration: ""
[0.120s] -- Execute custom install script
[0.121s] -- Up-to-date symlink: /home/prathmesh/amr_ws/install/amr_simulation/share/amr_simulation/worlds/warehouse.sdf
[0.121s] -- Up-to-date symlink: /home/prathmesh/amr_ws/install/amr_simulation/share/amr_simulation/models/amr.xacro
[0.121s] -- Up-to-date symlink: /home/prathmesh/amr_ws/install/amr_simulation/share/amr_simulation/launch/nav2_bringup.launch.py
[0.121s] -- Up-to-date symlink: /home/prathmesh/amr_ws/install/amr_simulation/share/amr_simulation/launch/warehouse_world.launch.py
[0.121s] -- Up-to-date symlink: /home/prathmesh/amr_ws/install/amr_simulation/share/amr_simulation/config/nav2_params.yaml
[0.121s] -- Up-to-date symlink: /home/prathmesh/amr_ws/install/amr_simulation/share/amr_simulation/config/navigate_to_pose.xml
[0.122s] -- Up-to-date symlink: /home/prathmesh/amr_ws/install/amr_simulation/share/amr_simulation/maps/warehouse_map.pgm
[0.122s] -- Up-to-date symlink: /home/prathmesh/amr_ws/install/amr_simulation/share/amr_simulation/maps/warehouse_map.yaml
[0.122s] -- Up-to-date symlink: /home/prathmesh/amr_ws/install/amr_simulation/lib/amr_simulation/generate_map.py
[0.122s] -- Up-to-date symlink: /home/prathmesh/amr_ws/install/amr_simulation/lib/amr_simulation/navigate_choke_point.py
[0.122s] -- Up-to-date symlink: /home/prathmesh/amr_ws/install/amr_simulation/share/ament_index/resource_index/package_run_dependencies/amr_simulation
[0.123s] -- Up-to-date symlink: /home/prathmesh/amr_ws/install/amr_simulation/share/ament_index/resource_index/parent_prefix_path/amr_simulation
[0.123s] -- Up-to-date symlink: /home/prathmesh/amr_ws/install/amr_simulation/share/amr_simulation/environment/ament_prefix_path.sh
[0.123s] -- Up-to-date symlink: /home/prathmesh/amr_ws/install/amr_simulation/share/amr_simulation/environment/ament_prefix_path.dsv
[0.124s] -- Up-to-date symlink: /home/prathmesh/amr_ws/install/amr_simulation/share/amr_simulation/environment/path.sh
[0.124s] -- Up-to-date symlink: /home/prathmesh/amr_ws/install/amr_simulation/share/amr_simulation/environment/path.dsv
[0.124s] -- Up-to-date symlink: /home/prathmesh/amr_ws/install/amr_simulation/share/amr_simulation/local_setup.bash
[0.125s] -- Up-to-date symlink: /home/prathmesh/amr_ws/install/amr_simulation/share/amr_simulation/local_setup.fish
[0.125s] -- Up-to-date symlink: /home/prathmesh/amr_ws/install/amr_simulation/share/amr_simulation/local_setup.sh
[0.125s] -- Up-to-date symlink: /home/prathmesh/amr_ws/install/amr_simulation/share/amr_simulation/local_setup.zsh
[0.125s] -- Up-to-date symlink: /home/prathmesh/amr_ws/install/amr_simulation/share/amr_simulation/local_setup.dsv
[0.126s] -- Symlinking: /home/prathmesh/amr_ws/install/amr_simulation/share/amr_simulation/package.dsv
[0.136s] -- Up-to-date symlink: /home/prathmesh/amr_ws/install/amr_simulation/share/ament_index/resource_index/packages/amr_simulation
[0.136s] -- Up-to-date symlink: /home/prathmesh/amr_ws/install/amr_simulation/share/amr_simulation/cmake/amr_simulationConfig.cmake
[0.137s] -- Up-to-date symlink: /home/prathmesh/amr_ws/install/amr_simulation/share/amr_simulation/cmake/amr_simulationConfig-version.cmake
[0.137s] -- Up-to-date symlink: /home/prathmesh/amr_ws/install/amr_simulation/share/amr_simulation/package.xml
[0.139s] Invoked command in '/home/prathmesh/amr_ws/build/amr_simulation' returned '0': CMAKE_PREFIX_PATH=${CMAKE_PREFIX_PATH}:/opt/ros/lyrical /usr/bin/cmake --install /home/prathmesh/amr_ws/build/amr_simulation
