[0.078s] Invoking command in '/home/prathmesh/amr_ws/build/amr_simulation': CMAKE_PREFIX_PATH=${CMAKE_PREFIX_PATH}:/opt/ros/lyrical /usr/bin/cmake --build /home/prathmesh/amr_ws/build/amr_simulation -- -j8 -l8
[0.323s] Invoked command in '/home/prathmesh/amr_ws/build/amr_simulation' returned '0': CMAKE_PREFIX_PATH=${CMAKE_PREFIX_PATH}:/opt/ros/lyrical /usr/bin/cmake --build /home/prathmesh/amr_ws/build/amr_simulation -- -j8 -l8
[0.370s] Invoking command in '/home/prathmesh/amr_ws/build/amr_simulation': CMAKE_PREFIX_PATH=${CMAKE_PREFIX_PATH}:/opt/ros/lyrical /usr/bin/cmake --install /home/prathmesh/amr_ws/build/amr_simulation
[0.405s] -- Install configuration: ""
[0.409s] -- Execute custom install script
[0.413s] -- Up-to-date symlink: /home/prathmesh/amr_ws/install/amr_simulation/share/amr_simulation/worlds/warehouse.sdf
[0.414s] -- Up-to-date symlink: /home/prathmesh/amr_ws/install/amr_simulation/share/amr_simulation/launch/warehouse_world.launch.py
[0.416s] -- Up-to-date symlink: /home/prathmesh/amr_ws/install/amr_simulation/share/ament_index/resource_index/package_run_dependencies/amr_simulation
[0.418s] -- Up-to-date symlink: /home/prathmesh/amr_ws/install/amr_simulation/share/ament_index/resource_index/parent_prefix_path/amr_simulation
[0.419s] -- Up-to-date symlink: /home/prathmesh/amr_ws/install/amr_simulation/share/amr_simulation/environment/ament_prefix_path.sh
[0.420s] -- Up-to-date symlink: /home/prathmesh/amr_ws/install/amr_simulation/share/amr_simulation/environment/ament_prefix_path.dsv
[0.421s] -- Up-to-date symlink: /home/prathmesh/amr_ws/install/amr_simulation/share/amr_simulation/environment/path.sh
[0.422s] -- Up-to-date symlink: /home/prathmesh/amr_ws/install/amr_simulation/share/amr_simulation/environment/path.dsv
[0.423s] -- Up-to-date symlink: /home/prathmesh/amr_ws/install/amr_simulation/share/amr_simulation/local_setup.bash
[0.424s] -- Up-to-date symlink: /home/prathmesh/amr_ws/install/amr_simulation/share/amr_simulation/local_setup.fish
[0.425s] -- Up-to-date symlink: /home/prathmesh/amr_ws/install/amr_simulation/share/amr_simulation/local_setup.sh
[0.426s] -- Up-to-date symlink: /home/prathmesh/amr_ws/install/amr_simulation/share/amr_simulation/local_setup.zsh
[0.430s] -- Up-to-date symlink: /home/prathmesh/amr_ws/install/amr_simulation/share/amr_simulation/local_setup.dsv
[0.431s] -- Symlinking: /home/prathmesh/amr_ws/install/amr_simulation/share/amr_simulation/package.dsv
[0.467s] -- Up-to-date symlink: /home/prathmesh/amr_ws/install/amr_simulation/share/ament_index/resource_index/packages/amr_simulation
[0.468s] -- Up-to-date symlink: /home/prathmesh/amr_ws/install/amr_simulation/share/amr_simulation/cmake/amr_simulationConfig.cmake
[0.468s] -- Up-to-date symlink: /home/prathmesh/amr_ws/install/amr_simulation/share/amr_simulation/cmake/amr_simulationConfig-version.cmake
[0.470s] -- Up-to-date symlink: /home/prathmesh/amr_ws/install/amr_simulation/share/amr_simulation/package.xml
[0.479s] Invoked command in '/home/prathmesh/amr_ws/build/amr_simulation' returned '0': CMAKE_PREFIX_PATH=${CMAKE_PREFIX_PATH}:/opt/ros/lyrical /usr/bin/cmake --install /home/prathmesh/amr_ws/build/amr_simulation
